// Jest Snapshot v1, https://goo.gl/fbAQLP

exports[`renders correctly 1`] = `
<View
  style={
    Object {
      "flex": 1,
    }
  }
>
  <BVLinearGradient
    colors={
      Array [
        4290415362,
        4279769112,
      ]
    }
    locations={null}
    style={
      Object {
        "flex": 1,
        "paddingLeft": 30,
        "paddingRight": 30,
        "paddingTop": 10,
      }
    }
  >
    <Text
      accessible={true}
      allowFontScaling={true}
      ellipsizeMode="tail"
      style={
        Object {
          "backgroundColor": "transparent",
          "color": "white",
          "fontSize": 25,
          "fontWeight": "800",
          "marginTop": 50,
          "textAlign": "center",
        }
      }
    >
      Login
    </Text>
    <View
      onResponderRelease={[Function]}
      onStartShouldSetResponder={[Function]}
      pointerEvents="auto"
    >
      <View
        style={
          Object {
            "backgroundColor": "transparent",
            "borderBottomColor": "rgba(255, 255, 255, 1)",
            "borderBottomWidth": 1,
            "height": 64,
            "padding": 5,
            "paddingBottom": 8,
            "paddingTop": 32,
          }
        }
      >
        <View
          style={
            Object {
              "position": "absolute",
              "top": 36,
            }
          }
        >
          <Text
            accessible={true}
            allowFontScaling={true}
            ellipsizeMode="tail"
            numberOfLines={1}
            style={
              Object {
                "color": "rgba(255, 255, 255, 1)",
                "fontSize": 16,
                "padding": 5,
              }
            }
          >
            Email
          </Text>
        </View>
        <View
          style={
            Object {
              "flexDirection": "row",
            }
          }
        >
          <TextInput
            allowFontScaling={true}
            autoCapitalize="sentences"
            disableFullscreenUI={true}
            editable={true}
            onBlur={[Function]}
            onChange={[Function]}
            onChangeText={[Function]}
            onContentSizeChange={[Function]}
            onFocus={[Function]}
            selectionColor="white"
            style={
              Array [
                Object {
                  "flex": 1,
                  "margin": 0,
                  "padding": 0,
                  "top": 2,
                },
                Object {
                  "color": "white",
                  "fontSize": 16,
                  "height": 24,
                  "textAlign": "left",
                },
                undefined,
              ]
            }
            underlineColorAndroid="transparent"
            value=""
          />
        </View>
      </View>
      <View
        style={
          Object {
            "flexDirection": "row",
            "height": 8,
          }
        }
      >
        <View
          style={
            Object {
              "flex": 1,
            }
          }
        >
          <View
            style={
              Object {
                "alignItems": "flex-start",
                "bottom": 0,
                "left": 0,
                "paddingVertical": 4,
                "position": "absolute",
                "right": 0,
                "top": 0,
              }
            }
          >
            <Text
              accessible={true}
              allowFontScaling={true}
              ellipsizeMode="tail"
              numberOfLines={1}
              style={
                Object {
                  "backgroundColor": "transparent",
                  "color": "rgb(213, 0, 0)",
                  "fontSize": 0,
                  "opacity": 0,
                }
              }
            />
          </View>
          <View
            style={
              Object {
                "alignItems": "flex-start",
                "bottom": 0,
                "left": 0,
                "paddingVertical": 4,
                "position": "absolute",
                "right": 0,
                "top": 0,
              }
            }
          >
            <Text
              accessible={true}
              allowFontScaling={true}
              ellipsizeMode="tail"
              numberOfLines={1}
              style={
                Object {
                  "backgroundColor": "transparent",
                  "color": "white",
                  "fontSize": 12,
                  "opacity": 1,
                }
              }
            />
          </View>
        </View>
      </View>
    </View>
    <View
      onResponderRelease={[Function]}
      onStartShouldSetResponder={[Function]}
      pointerEvents="auto"
    >
      <View
        style={
          Object {
            "backgroundColor": "transparent",
            "borderBottomColor": "rgba(255, 255, 255, 1)",
            "borderBottomWidth": 1,
            "height": 64,
            "padding": 5,
            "paddingBottom": 8,
            "paddingTop": 32,
          }
        }
      >
        <View
          style={
            Object {
              "position": "absolute",
              "top": 36,
            }
          }
        >
          <Text
            accessible={true}
            allowFontScaling={true}
            ellipsizeMode="tail"
            numberOfLines={1}
            style={
              Object {
                "color": "rgba(255, 255, 255, 1)",
                "fontSize": 16,
                "padding": 5,
              }
            }
          >
            Password
          </Text>
        </View>
        <View
          style={
            Object {
              "flexDirection": "row",
            }
          }
        >
          <TextInput
            allowFontScaling={true}
            autoCapitalize="sentences"
            disableFullscreenUI={true}
            editable={true}
            onBlur={[Function]}
            onChange={[Function]}
            onChangeText={[Function]}
            onContentSizeChange={[Function]}
            onFocus={[Function]}
            selectionColor="white"
            style={
              Array [
                Object {
                  "flex": 1,
                  "margin": 0,
                  "padding": 0,
                  "top": 2,
                },
                Object {
                  "color": "white",
                  "fontSize": 16,
                  "height": 24,
                  "textAlign": "left",
                },
                undefined,
              ]
            }
            underlineColorAndroid="transparent"
            value=""
          />
        </View>
      </View>
      <View
        style={
          Object {
            "flexDirection": "row",
            "height": 8,
          }
        }
      >
        <View
          style={
            Object {
              "flex": 1,
            }
          }
        >
          <View
            style={
              Object {
                "alignItems": "flex-start",
                "bottom": 0,
                "left": 0,
                "paddingVertical": 4,
                "position": "absolute",
                "right": 0,
                "top": 0,
              }
            }
          >
            <Text
              accessible={true}
              allowFontScaling={true}
              ellipsizeMode="tail"
              numberOfLines={1}
              style={
                Object {
                  "backgroundColor": "transparent",
                  "color": "rgb(213, 0, 0)",
                  "fontSize": 0,
                  "opacity": 0,
                }
              }
            />
          </View>
          <View
            style={
              Object {
                "alignItems": "flex-start",
                "bottom": 0,
                "left": 0,
                "paddingVertical": 4,
                "position": "absolute",
                "right": 0,
                "top": 0,
              }
            }
          >
            <Text
              accessible={true}
              allowFontScaling={true}
              ellipsizeMode="tail"
              numberOfLines={1}
              style={
                Object {
                  "backgroundColor": "transparent",
                  "color": "white",
                  "fontSize": 12,
                  "opacity": 1,
                }
              }
            />
          </View>
        </View>
      </View>
    </View>
    <View
      accessible={true}
      isTVSelectable={true}
      onResponderGrant={[Function]}
      onResponderMove={[Function]}
      onResponderRelease={[Function]}
      onResponderTerminate={[Function]}
      onResponderTerminationRequest={[Function]}
      onStartShouldSetResponder={[Function]}
      style={
        Object {
          "borderColor": "white",
          "borderRadius": 5,
          "borderWidth": 1,
          "marginTop": 15,
          "opacity": 1,
        }
      }
    >
      <Text
        accessible={true}
        allowFontScaling={true}
        ellipsizeMode="tail"
        style={
          Object {
            "backgroundColor": "transparent",
            "color": "white",
            "fontSize": 16,
            "fontWeight": "500",
            "padding": 10,
            "textAlign": "center",
          }
        }
      >
        Login
      </Text>
    </View>
    <View
      accessible={true}
      isTVSelectable={true}
      onResponderGrant={[Function]}
      onResponderMove={[Function]}
      onResponderRelease={[Function]}
      onResponderTerminate={[Function]}
      onResponderTerminationRequest={[Function]}
      onStartShouldSetResponder={[Function]}
      style={
        Object {
          "borderColor": "transparent",
          "borderRadius": 5,
          "borderWidth": 1,
          "marginTop": 15,
          "opacity": 1,
        }
      }
    >
      <Text
        accessible={true}
        allowFontScaling={true}
        ellipsizeMode="tail"
        style={
          Array [
            Object {
              "backgroundColor": "transparent",
              "color": "white",
              "fontSize": 16,
              "fontWeight": "500",
              "padding": 10,
              "textAlign": "center",
            },
            Object {
              "fontWeight": "700",
              "textDecorationLine": "underline",
            },
          ]
        }
      >
        Sign Up
      </Text>
    </View>
    <View
      accessible={true}
      isTVSelectable={true}
      onResponderGrant={[Function]}
      onResponderMove={[Function]}
      onResponderRelease={[Function]}
      onResponderTerminate={[Function]}
      onResponderTerminationRequest={[Function]}
      onStartShouldSetResponder={[Function]}
      style={
        Object {
          "borderColor": "transparent",
          "borderRadius": 5,
          "borderWidth": 1,
          "marginTop": 15,
          "opacity": 1,
        }
      }
    >
      <Text
        accessible={true}
        allowFontScaling={true}
        ellipsizeMode="tail"
        style={
          Array [
            Object {
              "backgroundColor": "transparent",
              "color": "white",
              "fontSize": 16,
              "fontWeight": "500",
              "padding": 10,
              "textAlign": "center",
            },
            Object {
              "fontWeight": "700",
              "textDecorationLine": "underline",
            },
          ]
        }
      >
        Back
      </Text>
    </View>
  </BVLinearGradient>
</View>
`;
